// Jest Snapshot v1, https://goo.gl/fbAQLP

exports[`Components/LanguageSelector/Modal Should render correctly 1`] = `
.c0 {
  display: inline-block;
  vertical-align: middle;
  overflow: hidden;
}

<div>
  <div
    class="language-selector-modal__overlay"
  />
  <div
    class="language-selector-modal__wrapper"
  >
    <div
      class="language-selector-modal__header"
    >
      <p
        class="language-selector-modal__title"
      >
        Selecione a sua linguagem
        :
      </p>
      <button
        class="language-selector-modal__close"
        type="button"
      >
        <svg
          class="c0"
          fill="none"
          focusable="false"
          height="24"
          role="img"
          stroke="currentColor"
          stroke-linecap="round"
          stroke-linejoin="round"
          stroke-width="2"
          viewBox="0 0 24 24"
          width="24"
          xmlns="http://www.w3.org/2000/svg"
        >
          <title>
            Close
          </title>
          <line
            x1="18"
            x2="6"
            y1="6"
            y2="18"
          />
          <line
            x1="6"
            x2="18"
            y1="6"
            y2="18"
          />
        </svg>
      </button>
    </div>
    <div
      class="language-selector-modal__body"
    >
      <div
        class="language-selector-modal__select"
      >
        <button
          class="language-selector-modal__active-item"
          type="button"
        >
          <figure
            class="language-selector-modal__flag-wrapper"
          >
            <img
              alt="Active locale"
              data-nimg="1"
              decoding="async"
              height="22"
              loading="lazy"
              src="/_next/image?url=%2Fimg%2Fpt-BR.jpg&w=64&q=75"
              srcset="/_next/image?url=%2Fimg%2Fpt-BR.jpg&w=32&q=75 1x, /_next/image?url=%2Fimg%2Fpt-BR.jpg&w=64&q=75 2x"
              style="color: transparent;"
              title="Active locale"
              width="29"
            />
          </figure>
          pt-BR
          <span
            class="language-selector-modal__dropdown-icon"
          >
            <svg
              aria-hidden="true"
              class="c0"
              fill="currentColor"
              focusable="false"
              height="15"
              viewBox="0 0 320 512"
              width="15"
              xmlns="http://www.w3.org/2000/svg"
            >
              <path
                d="M137.4 374.6c12.5 12.5 32.8 12.5 45.3 0l128-128c9.2-9.2 11.9-22.9 6.9-34.9S301 191.9 288 191.9L32 192c-12.9 0-24.6 7.8-29.6 19.8s-2.2 25.7 6.9 34.9l128 128z"
                fill="currentColor"
              />
            </svg>
          </span>
        </button>
        <ul
          class="language-selector-modal__list"
        >
          <li
            class="language-selector-modal__list-item hidden"
          >
            <figure
              class="language-selector-modal__flag-wrapper"
            >
              <img
                alt="pt-BR locale flag"
                data-nimg="1"
                decoding="async"
                height="22"
                loading="lazy"
                src="/_next/image?url=%2Fimg%2Fpt-BR.jpg&w=64&q=75"
                srcset="/_next/image?url=%2Fimg%2Fpt-BR.jpg&w=32&q=75 1x, /_next/image?url=%2Fimg%2Fpt-BR.jpg&w=64&q=75 2x"
                style="color: transparent;"
                width="29"
              />
            </figure>
            pt-BR
          </li>
          <li
            class="language-selector-modal__list-item hidden"
          >
            <figure
              class="language-selector-modal__flag-wrapper"
            >
              <img
                alt="en locale flag"
                data-nimg="1"
                decoding="async"
                height="22"
                loading="lazy"
                src="/_next/image?url=%2Fimg%2Fen.jpg&w=64&q=75"
                srcset="/_next/image?url=%2Fimg%2Fen.jpg&w=32&q=75 1x, /_next/image?url=%2Fimg%2Fen.jpg&w=64&q=75 2x"
                style="color: transparent;"
                width="29"
              />
            </figure>
            en
          </li>
        </ul>
      </div>
      <button
        class="language-selector-modal__change-locale"
        disabled=""
        type="button"
      >
        Alterar idioma
      </button>
    </div>
  </div>
</div>
`;
