// Jest Snapshot v1, https://goo.gl/fbAQLP

exports[`Templates/AboutMe Should render correctly 1`] = `
.c0 {
  max-width: 1200px;
  margin: 0 auto;
  padding: 153px 16px 100px;
}

.c1 {
  display: -webkit-box;
  display: -webkit-flex;
  display: -ms-flexbox;
  display: flex;
  -webkit-align-items: center;
  -webkit-box-align: center;
  -ms-flex-align: center;
  align-items: center;
  -webkit-box-pack: center;
  -webkit-justify-content: center;
  -ms-flex-pack: center;
  justify-content: center;
  -webkit-flex-direction: column;
  -ms-flex-direction: column;
  flex-direction: column;
  margin-bottom: 20px;
}

.c1 > span {
  width: 200px;
  height: 200px;
  border-radius: 50%;
}

.c2 {
  text-align: center;
  margin: 20px 0 0;
}

.c3 {
  margin: 50px 0 40px;
  border-bottom: 1px solid rgb(153,46,36);
}

.c5 {
  margin-bottom: 40px;
}

.c6 {
  margin-bottom: 10px;
  padding-bottom: 5px;
  border-bottom: 1px solid rgb(153,46,36);
}

.c7 {
  list-style-type: none;
}

.c8 {
  text-align: center;
}

.c9 {
  color: #333;
  text-align: center;
}

@media (min-width:768px) {
  .c0 {
    padding: 193px 16px 100px;
  }
}

@media (min-width:768px) {
  .c1 {
    -webkit-flex-direction: row;
    -ms-flex-direction: row;
    flex-direction: row;
    margin-bottom: 40px;
  }
}

@media (min-width:768px) {
  .c2 {
    margin-top: 0;
    margin-left: 50px;
  }
}

@media (min-width:768px) {
  .c4 {
    display: -webkit-box;
    display: -webkit-flex;
    display: -ms-flexbox;
    display: flex;
    width: 100%;
    -webkit-box-pack: justify;
    -webkit-justify-content: space-between;
    -ms-flex-pack: justify;
    justify-content: space-between;
    -webkit-flex-wrap: wrap;
    -ms-flex-wrap: wrap;
    flex-wrap: wrap;
  }
}

@media (min-width:768px) {
  .c5 {
    -webkit-flex-basis: 30%;
    -ms-flex-preferred-size: 30%;
    flex-basis: 30%;
  }
}

<div>
  <header>
    Header
  </header>
  <main
    class="c0"
  >
    <section
      class="c1"
    >
      <span
        style="box-sizing: border-box; display: inline-block; overflow: hidden; width: 200px; height: 200px; background: none; opacity: 1; border: 0px; margin: 0px; padding: 0px; position: relative;"
      >
        <img
          alt="Minha foto de perfil"
          data-nimg="fixed"
          decoding="async"
          src="data:image/gif;base64,R0lGODlhAQABAIAAAAAAAP///yH5BAEAAAAALAAAAAABAAEAAAIBRAA7"
          style="position: absolute; top: 0px; left: 0px; bottom: 0px; right: 0px; box-sizing: border-box; padding: 0px; margin: auto; display: block; width: 0px; height: 0px; min-width: 100%; max-width: 100%; min-height: 100%; max-height: 100%;"
        />
        <noscript />
      </span>
      <h1
        class="c2"
      >
        Sobre mim
      </h1>
    </section>
    <p>
      Olá! Meu nome é Diego Teixeira Fialho, nasci em Petrópolis/RJ e atualmente trabalho como Frontend Developer na
       
      <a
        href="http://www.personare.com.br"
        rel="noopener noreferrer"
        target="_blank"
      >
        Personare
      </a>
      . Já trabalhei como Fullstack Developer na
       
      <a
        href="https://www.maxisite.net/"
        rel="noopener noreferrer"
        target="_blank"
      >
        Maxisite
      </a>
       
      e Frontend Developer na
       
      <a
        href="https://www.alterdata.com.br/"
        rel="noopener noreferrer"
        target="_blank"
      >
        Alterdata Software
      </a>
      .
    </p>
    <p>
      Apaixonado por tecnologia desde cedo sempre fui curioso para aprender. Aos 20 anos, fiz meu primeiro curso na área de tecnologia no SENAI e aos 23 ingressei na faculdade de Tecnologia da Informação e Comunicação pela FAETERJ - Petrópolis.
    </p>
    <p>
      Amo desenvolver e estudar novas tecnologias que surgem a cada dia para facilitar a nossa vida como desenvolvedores. Com o sangue metade café e metade código, amo criar e idealizar componentes utilizando frameworks Javascript e conceitos para um código limpo e bem estruturado.
    </p>
    <div
      class="c3"
    >
      <h2>
        Um pouco do que eu faço:
      </h2>
      <div
        class="c4"
      >
        <div
          class="c5"
        >
          <h3
            class="c6"
          >
            Frontend
          </h3>
          <ul
            class="c7"
          >
            <li>
              Angular
            </li>
            <li>
              AngularJS
            </li>
            <li>
              CSS3
            </li>
            <li>
              HTML5
            </li>
            <li>
              Javascript
            </li>
            <li>
              Pré-processadores (sass, less, stylus)
            </li>
            <li>
              React
            </li>
            <li>
              Styled Components
            </li>
            <li>
              Next JS
            </li>
          </ul>
        </div>
        <div
          class="c5"
        >
          <h3
            class="c6"
          >
            Backend
          </h3>
          <ul
            class="c7"
          >
            <li>
              Node
            </li>
            <li>
              PHP
            </li>
            <li>
              Programação Orientada a Objetos
            </li>
            <li>
              Python
            </li>
            <li>
              MySql
            </li>
            <li>
              PostgreeSQL
            </li>
          </ul>
        </div>
        <div
          class="c5"
        >
          <h3
            class="c6"
          >
            Outros
          </h3>
          <ul
            class="c7"
          >
            <li>
              Scrum
            </li>
            <li>
              Sistemas de controle de versão (git)
            </li>
            <li>
              TDD
            </li>
            <li>
              Wordpress
            </li>
          </ul>
        </div>
      </div>
    </div>
    <h2
      class="c8"
    >
      Contato
    </h2>
    <div
      class="c9"
    >
      <section>
        Social media
      </section>
    </div>
  </main>
</div>
`;
