// Jest Snapshot v1, https://goo.gl/fbAQLP

exports[`components/LanguageSelector Should match snapshot 1`] = `
.c0 {
  -webkit-appearance: none;
  -moz-appearance: none;
  appearance: none;
  border: none;
  background: none;
  cursor: pointer;
}

<div>
  <button
    class="c0"
    type="button"
  >
    <img
      alt="Active language pt-BR"
      data-nimg="1"
      decoding="async"
      height="22"
      loading="lazy"
      src="/_next/image?url=%2Fimg%2Fpt-BR.jpg&w=64&q=75"
      srcset="/_next/image?url=%2Fimg%2Fpt-BR.jpg&w=32&q=75 1x, /_next/image?url=%2Fimg%2Fpt-BR.jpg&w=64&q=75 2x"
      style="color: transparent;"
      width="29"
    />
  </button>
</div>
`;
