// Jest Snapshot v1, https://goo.gl/fbAQLP

exports[`Components/SocialMedia Should render correctly 1`] = `
<div>
  <ul
    class="social-media__container"
  >
    <li
      class="social-media__item"
    >
      <a
        class="social-media__link"
        href="https://github.com/dtfialho"
        rel="noopener noreferrer me"
        target="_blank"
        title="Github"
      >
        <img
          alt="Github"
          class=""
          data-nimg="1"
          decoding="async"
          height="30"
          loading="lazy"
          src="/_next/image?url=%2Fimg%2Fgithub.png&w=64&q=75"
          srcset="/_next/image?url=%2Fimg%2Fgithub.png&w=32&q=75 1x, /_next/image?url=%2Fimg%2Fgithub.png&w=64&q=75 2x"
          style="color: transparent;"
          width="30"
        />
      </a>
    </li>
    <li
      class="social-media__item"
    >
      <a
        class="social-media__link"
        href="https://www.linkedin.com/in/diego-teixeira-fialho-35b58ab0/"
        rel="noopener noreferrer me"
        target="_blank"
        title="Linkedin"
      >
        <img
          alt="Linkedin"
          class=""
          data-nimg="1"
          decoding="async"
          height="30"
          loading="lazy"
          src="/_next/image?url=%2Fimg%2Flinkedin.png&w=64&q=75"
          srcset="/_next/image?url=%2Fimg%2Flinkedin.png&w=32&q=75 1x, /_next/image?url=%2Fimg%2Flinkedin.png&w=64&q=75 2x"
          style="color: transparent;"
          width="30"
        />
      </a>
    </li>
    <li
      class="social-media__item"
    >
      <a
        class="social-media__link"
        href="https://twitter.com/dtfialho"
        rel="noopener noreferrer me"
        target="_blank"
        title="Twitter"
      >
        <img
          alt="Twitter"
          class=""
          data-nimg="1"
          decoding="async"
          height="30"
          loading="lazy"
          src="/_next/image?url=%2Fimg%2Ftwitter.png&w=64&q=75"
          srcset="/_next/image?url=%2Fimg%2Ftwitter.png&w=32&q=75 1x, /_next/image?url=%2Fimg%2Ftwitter.png&w=64&q=75 2x"
          style="color: transparent;"
          width="30"
        />
      </a>
    </li>
  </ul>
</div>
`;
